<html>
<body>
<pre>
<h1>µVision Build Log</h1>
<h2>Project:</h2>
D:\new_projects_MESOLN\arM2021\GPS\GPS\GPS.uvproj
Project File Date:  02/02/2021

<h2>Output:</h2>
Rebuild target 'Target 1'
assembling Startup.s...
compiling GPS.c...
GPS.c(99): warning:  #550-D: variable "iir_value" was set but never used
        int iir_value;
GPS.c: 1 warning, 0 errors
linking...
Program Size: Code=16656 RO-data=488 RW-data=16 ZI-data=1488  
FromELF: creating hex file...
".\Objects\GPS.axf" - 0 Error(s), 1 Warning(s).
</pre>
</body>
</html>
